Tests/error/autoMissingVar.b:4:2 Expected Identifier but got CloseScope