Tests/error/tokenError.b:1:0 Garbage token encountered