Tests/error/Ast/GlobalArrayDeclaration.b:1:8 Array of size 1 contains 2 elements